C51 COMPILER V9.57.0.0   MAIN                                                              01/04/2023 10:09:41 PAGE 1   


C51 COMPILER V9.57.0.0, COMPILATION OF MODULE MAIN
OBJECT MODULE PLACED IN .\Objects\main.obj
COMPILER INVOKED BY: D:\Program Files (x86)\Keil\MDK\C51\BIN\C51.EXE main.c OPTIMIZE(8,SPEED) BROWSE DEBUG OBJECTEXTEND 
                    -PRINT(.\Listings\main.lst) TABS(2) OBJECT(.\Objects\main.obj)

line level    source

   1          /*
   2           *实现功能：
   3           *功能1：LCD液晶显示字符
   4           *功能2：LCD液晶显示字符串
   5           *功能3：LCD液晶显示数字
   6           */
   7          #include <REGX52.H>
   8          #include "LCD.h"
   9          
  10          void main(void)
  11          {
  12   1        //LCD初始化
  13   1        LCD_Init();
  14   1        //功能1
  15   1      //  LCD_ShowChar(2,5,'Z');
  16   1      //  LCD_ShowChar(2,6,'K');
  17   1      //  LCD_ShowChar(2,7,'X');
  18   1        //功能2
  19   1      //  LCD_ShowString(2,1,"ZHOU");
  20   1        //功能3
  21   1        LCD_ShowNumber(1,1,44444,5);//int 2个字节，16位最大65535
  22   1        
  23   1      }


MODULE INFORMATION:   STATIC OVERLAYABLE
   CODE SIZE        =     17    ----
   CONSTANT SIZE    =   ----    ----
   XDATA SIZE       =   ----    ----
   PDATA SIZE       =   ----    ----
   DATA SIZE        =   ----    ----
   IDATA SIZE       =   ----    ----
   BIT SIZE         =   ----    ----
END OF MODULE INFORMATION.


C51 COMPILATION COMPLETE.  0 WARNING(S),  0 ERROR(S)
